#
# There is insufficient memory for the Java Runtime Environment to continue.
# Native memory allocation (malloc) failed to allocate 1048576 bytes. Error detail: AllocateHeap
# Possible reasons:
#   The system is out of physical RAM or swap space
#   This process is running with CompressedOops enabled, and the Java Heap may be blocking the growth of the native heap
# Possible solutions:
#   Reduce memory load on the system
#   Increase physical memory or swap space
#   Check if swap backing store is full
#   Decrease Java heap size (-Xmx/-Xms)
#   Decrease number of Java threads
#   Decrease Java thread stack sizes (-Xss)
#   Set larger code cache with -XX:ReservedCodeCacheSize=
#   JVM is running with Unscaled Compressed Oops mode in which the Java heap is
#     placed in the first 4GB address space. The Java Heap base address is the
#     maximum limit for the native heap growth. Please use -XX:HeapBaseMinAddress
#     to set the Java Heap base and to place the Java Heap above 4GB virtual address.
# This output file may be truncated or incomplete.
#
#  Out of Memory Error (allocation.cpp:41), pid=9556, tid=2620
#
# JRE version:  (26.0.1+8) (build )
# Java VM: OpenJDK 64-Bit Server VM (26.0.1+8-34, mixed mode, sharing, tiered, compressed oops, compressed class ptrs, g1 gc, windows-amd64)
# No core dump will be written. Minidumps are not enabled by default on client versions of Windows
#

---------------  S U M M A R Y ------------

Command Line: -Dnet.bytebuddy.agent.attacher.dump= net.bytebuddy.agent.Attacher com.sun.tools.attach.VirtualMachine 6552 C:\Users\Administrator\.m2\repository\net\bytebuddy\byte-buddy-agent\1.18.10\byte-buddy-agent-1.18.10.jar false 

Host: 11th Gen Intel(R) Core(TM) i3-1115G4 @ 3.00GHz, 4 cores, 11G,  Windows 11 , 64 bit Build 22621 (10.0.22621.5415)
Time: Tue Aug 11 20:34:16 2026 Sri Lanka Standard Time elapsed time: 0.017209 seconds (0d 0h 0m 0s)

---------------  T H R E A D  ---------------

Current thread (0x0000019b40d11a60):  JavaThread "Unknown thread" [_thread_in_vm, id=2620, stack(0x0000008bb9000000,0x0000008bb9100000) (1024K)]

Stack: [0x0000008bb9000000,0x0000008bb9100000]
Native frames: (J=compiled Java code, j=interpreted, Vv=VM code, C=native code)
V  [jvm.dll+0x7d5879]  (no source info available)
V  [jvm.dll+0x7a37dd]  (no source info available)
V  [jvm.dll+0x9b0c10]  (no source info available)
V  [jvm.dll+0x9b3061]  (no source info available)
V  [jvm.dll+0x9b3773]  (no source info available)
V  [jvm.dll+0x30df76]  (no source info available)
V  [jvm.dll+0xf1097]  (no source info available)
V  [jvm.dll+0x3d1758]  (no source info available)
V  [jvm.dll+0x975d7d]  (no source info available)
V  [jvm.dll+0x46dd12]  (no source info available)
V  [jvm.dll+0x958e5f]  (no source info available)
V  [jvm.dll+0x511191]  (no source info available)
V  [jvm.dll+0x512c51]  (no source info available)
C  [jli.dll+0x549a]  (no source info available)
C  [ucrtbase.dll+0x29333]  (no source info available)
C  [KERNEL32.DLL+0x1259d]  (no source info available)
C  [ntdll.dll+0x5af78]  (no source info available)

Lock stack of current Java thread (top to bottom):


---------------  P R O C E S S  ---------------

Threads class SMR info:
_java_thread_list=0x00007ffcf3ae6298, length=0, elements={
}

Java Threads: ( => current thread )
Total: 0

Other Threads:

=>0x0000019b40d11a60 (exited) JavaThread "Unknown thread"    [_thread_in_vm, id=2620, stack(0x0000008bb9000000,0x0000008bb9100000) (1024K)]
Total: 1

Threads with active compile tasks:
Total: 0

VM state: not at safepoint (not fully initialized)

VM Mutex/Monitor currently owned by a thread: None

Heap address: 0x0000000000000000, size: 0 MB, Compressed Oops mode: 32-bit

CDS archive(s) mapped at: [0x0000000000000000-0x0000000000000000-0x0000000000000000), size 0, SharedBaseAddress: 0x0000000800000000, ArchiveRelocationMode: 1.
UseCompressedClassPointers 1, UseCompactObjectHeaders 0
Narrow klass pointer bits 32, Max shift 3
Narrow klass base: 0xffffffffffffffff, Narrow klass shift: -1
Encoding Range: [0xffffffffffffffff - 0x000000007fffffff), (2147483648 bytes)
Klass Range:    [0x0000000000000000 - 0x0000000000000000), (0 bytes)
Klass ID Range:  [4294967295 - 0) (1)
No protection zone.

GC Precious Log:
 CardTable entry size: 512
 Card Set container configuration: InlinePtr #cards 4 size 8 Array Of Cards #cards 16 size 48 Howl #buckets 8 coarsen threshold 3686 Howl Bitmap #cards 512 size 80 coarsen threshold 460 Card regions per heap region 1 cards per card region 4096

GC Heap Usage History (0 events):
No events

Metaspace Usage History (0 events):
No events

Dll operation events (2 events):
Event: 0.011 Attempting to load shared library C:\Users\Administrator\.jdks\openjdk-26.0.1\bin\java.dll
Event: 0.013 Loaded shared library C:\Users\Administrator\.jdks\openjdk-26.0.1\bin\java.dll

Deoptimization events (0 events):
No events

Classes loaded (0 events):
No events

Classes unloaded (0 events):
No events

Classes redefined (0 events):
No events

Internal exceptions (0 events):
No events

VM Operations (0 events):
No events

Memory protections (0 events):
No events

Nmethod flushes (0 events):
No events

Events (0 events):
No events


Dynamic libraries:
0x00007ff669e50000 - 0x00007ff669e5e000 	C:\Users\Administrator\.jdks\openjdk-26.0.1\bin\java.exe
0x00007ffdb4030000 - 0x00007ffdb4247000 	C:\WINDOWS\SYSTEM32\ntdll.dll
0x00007ffdb1cc0000 - 0x00007ffdb1d84000 	C:\WINDOWS\System32\KERNEL32.DLL
0x00007ffdb1150000 - 0x00007ffdb1522000 	C:\WINDOWS\System32\KERNELBASE.dll
0x00007ffdb19b0000 - 0x00007ffdb1ac1000 	C:\WINDOWS\System32\ucrtbase.dll
0x00007ffd8b020000 - 0x00007ffd8b037000 	C:\Users\Administrator\.jdks\openjdk-26.0.1\bin\jli.dll
0x00007ffd8b000000 - 0x00007ffd8b01e000 	C:\Users\Administrator\.jdks\openjdk-26.0.1\bin\VCRUNTIME140.dll
0x00007ffd9b8d0000 - 0x00007ffd9bb6b000 	C:\WINDOWS\WinSxS\amd64_microsoft.windows.common-controls_6595b64144ccf1df_6.0.22621.5415_none_270d77d17387d7da\COMCTL32.dll
0x00007ffdb3980000 - 0x00007ffdb3b31000 	C:\WINDOWS\System32\USER32.dll
0x00007ffdb1dc0000 - 0x00007ffdb1e67000 	C:\WINDOWS\System32\msvcrt.dll
0x00007ffdb1530000 - 0x00007ffdb1556000 	C:\WINDOWS\System32\win32u.dll
0x00007ffdb1d90000 - 0x00007ffdb1db9000 	C:\WINDOWS\System32\GDI32.dll
0x00007ffdb1740000 - 0x00007ffdb1863000 	C:\WINDOWS\System32\gdi32full.dll
0x00007ffdb1560000 - 0x00007ffdb15fa000 	C:\WINDOWS\System32\msvcp_win.dll
0x00007ffdb3940000 - 0x00007ffdb3971000 	C:\WINDOWS\System32\IMM32.DLL
0x00007ffda0550000 - 0x00007ffda055c000 	C:\Users\Administrator\.jdks\openjdk-26.0.1\bin\vcruntime140_1.dll
0x00007ffd8a3a0000 - 0x00007ffd8a42d000 	C:\Users\Administrator\.jdks\openjdk-26.0.1\bin\msvcp140.dll
0x00007ffcf2d90000 - 0x00007ffcf3c5e000 	C:\Users\Administrator\.jdks\openjdk-26.0.1\bin\server\jvm.dll
0x00007ffdb3880000 - 0x00007ffdb3931000 	C:\WINDOWS\System32\ADVAPI32.dll
0x00007ffdb2220000 - 0x00007ffdb22c8000 	C:\WINDOWS\System32\sechost.dll
0x00007ffdb1120000 - 0x00007ffdb1148000 	C:\WINDOWS\System32\bcrypt.dll
0x00007ffdb3600000 - 0x00007ffdb3714000 	C:\WINDOWS\System32\RPCRT4.dll
0x00007ffdb3f70000 - 0x00007ffdb3fe1000 	C:\WINDOWS\System32\WS2_32.dll
0x00007ffdb09c0000 - 0x00007ffdb0a0d000 	C:\WINDOWS\SYSTEM32\POWRPROF.dll
0x00007ffda83c0000 - 0x00007ffda83f4000 	C:\WINDOWS\SYSTEM32\WINMM.dll
0x00007ffd9fcd0000 - 0x00007ffd9fcda000 	C:\WINDOWS\SYSTEM32\VERSION.dll
0x00007ffdb09a0000 - 0x00007ffdb09b3000 	C:\WINDOWS\SYSTEM32\UMPDC.dll
0x00007ffdb0150000 - 0x00007ffdb0168000 	C:\WINDOWS\SYSTEM32\kernel.appcore.dll
0x00007ffd99e30000 - 0x00007ffd99e3a000 	C:\Users\Administrator\.jdks\openjdk-26.0.1\bin\jimage.dll
0x00007ffdaeb50000 - 0x00007ffdaed83000 	C:\WINDOWS\SYSTEM32\DBGHELP.DLL
0x00007ffdb3bd0000 - 0x00007ffdb3f63000 	C:\WINDOWS\System32\combase.dll
0x00007ffdb1e70000 - 0x00007ffdb1f47000 	C:\WINDOWS\System32\OLEAUT32.dll
0x00007ffd91140000 - 0x00007ffd91172000 	C:\WINDOWS\SYSTEM32\dbgcore.DLL
0x00007ffdb1ad0000 - 0x00007ffdb1b4b000 	C:\WINDOWS\System32\bcryptPrimitives.dll
0x00007ffd8afd0000 - 0x00007ffd8afef000 	C:\Users\Administrator\.jdks\openjdk-26.0.1\bin\java.dll
0x00007ffdb2080000 - 0x00007ffdb2220000 	C:\WINDOWS\System32\ole32.dll
0x00007ffdb2770000 - 0x00007ffdb3012000 	C:\WINDOWS\System32\SHELL32.dll
0x00007ffdb1870000 - 0x00007ffdb19af000 	C:\WINDOWS\System32\wintypes.dll

JVMTI agents: none

dbghelp: loaded successfully - version: 4.0.5 - missing functions: none
symbol engine: initialized successfully - sym options: 0x614 - pdb path: .;C:\Users\Administrator\.jdks\openjdk-26.0.1\bin;C:\WINDOWS\SYSTEM32;C:\WINDOWS\WinSxS\amd64_microsoft.windows.common-controls_6595b64144ccf1df_6.0.22621.5415_none_270d77d17387d7da;C:\Users\Administrator\.jdks\openjdk-26.0.1\bin\server

VM Arguments:
jvm_args: -Dnet.bytebuddy.agent.attacher.dump= 
java_command: net.bytebuddy.agent.Attacher com.sun.tools.attach.VirtualMachine 6552 C:\Users\Administrator\.m2\repository\net\bytebuddy\byte-buddy-agent\1.18.10\byte-buddy-agent-1.18.10.jar false 
java_class_path (initial): C:\Users\Administrator\.m2\repository\net\bytebuddy\byte-buddy-agent\1.18.10\byte-buddy-agent-1.18.10.jar
Launcher Type: SUN_STANDARD

[Global flags]
     bool AOTAdapterCaching                        = false                                  {diagnostic} {ergonomic}
     bool AOTInvokeDynamicLinking                  = false                                  {diagnostic} {ergonomic}
     bool AOTRecordTraining                        = false                                  {diagnostic} {ergonomic}
     bool AOTReplayTraining                        = false                                  {diagnostic} {ergonomic}
     bool AOTStubCaching                           = false                                  {diagnostic} {ergonomic}
     intx CICompilerCount                          = 3                                         {product} {ergonomic}
     uint ConcGCThreads                            = 1                                         {product} {ergonomic}
     uint G1ConcRefinementThreads                  = 4                                         {product} {ergonomic}
     uint G1EagerReclaimRemSetThreshold            = 16                                   {experimental} {ergonomic}
   size_t G1HeapRegionSize                         = 2097152                                   {product} {ergonomic}
     uint G1RemSetArrayOfCardsEntries              = 16                                   {experimental} {ergonomic}
     uint G1RemSetHowlMaxNumBuckets                = 8                                    {experimental} {ergonomic}
     uint G1RemSetHowlNumBuckets                   = 8                                    {experimental} {ergonomic}
   size_t InitialHeapSize                          = 8388608                                   {product} {ergonomic}
     bool IntelJccErratumMitigation                = false                             {ARCH diagnostic} {ergonomic}
   size_t MarkStackSize                            = 4194304                                   {product} {ergonomic}
   size_t MaxHeapSize                              = 3164602368                                {product} {ergonomic}
 uint64_t MaxRAM                                   = 12653486080                               {product} {ergonomic}
   size_t MinHeapDeltaBytes                        = 2097152                                   {product} {ergonomic}
   size_t MinHeapSize                              = 8388608                                   {product} {ergonomic}
   size_t NonNMethodCodeHeapSize                   = 5898240                                {pd product} {ergonomic}
   size_t NonProfiledCodeHeapSize                  = 122945536                              {pd product} {ergonomic}
   size_t ProfiledCodeHeapSize                     = 122945536                              {pd product} {ergonomic}
   size_t ReservedCodeCacheSize                    = 251789312                              {pd product} {ergonomic}
     bool SegmentedCodeCache                       = true                                      {product} {ergonomic}
   size_t SoftMaxHeapSize                          = 3164602368                             {manageable} {ergonomic}
     bool UseCompressedOops                        = true                           {product lp64_product} {ergonomic}
     bool UseCondCardMark                          = true                                      {product} {ergonomic}
     bool UseFastUnorderedTimeStamps               = true                                 {experimental} {ergonomic}
     bool UseG1GC                                  = true                                      {product} {ergonomic}
     bool UseLargePagesIndividualAllocation        = false                                  {pd product} {ergonomic}
      int X86ICacheSync                            = 3                                 {ARCH diagnostic} {ergonomic}

Logging:
Log output configuration:
 #0: stdout all=warning uptime,level,tags foldmultilines=false
 #1: stderr all=off uptime,level,tags foldmultilines=false

Release file:
<release file has not been read>
Environment Variables:
JAVA_HOME=C:\Users\Administrator\.jdks\openjdk-26.0.1
PATH=C:\Program Files\Common Files\Oracle\Java\javapath;D:\os\bin\;C:\WINDOWS\system32;C:\WINDOWS;C:\WINDOWS\System32\Wbem;C:\WINDOWS\System32\WindowsPowerShell\v1.0\;C:\WINDOWS\System32\OpenSSH\;C:\Program Files\Microsoft SQL Server\150\Tools\Binn\;D:\apache-maven-3.9.11-bin\apache-maven-3.9.11\bin;D:\apache-tomcat-9.0.111-windows-x64\apache-tomcat-9.0.111\bin;C:\Program Files\Java\jdk-25\bin;C:\Program Files\MySQL\MySQL Server 8.0\bin;D:\os\;C:\Program Files\Git\cmd;C:\Users\Administrator\AppData\Local\Programs\Python\Launcher\;C:\Users\Administrator\AppData\Local\Microsoft\WindowsApps;C:\Users\Administrator\AppData\Roaming\npm;C:\Users\Administrator\AppData\Local\GitHubDesktop\bin;C:\Users\Administrator\AppData\Local\Programs\Antigravity IDE\bin
USERNAME=Administrator
OS=Windows_NT
PROCESSOR_IDENTIFIER=Intel64 Family 6 Model 140 Stepping 1, GenuineIntel
TMP=C:\Users\ADMINI~1\AppData\Local\Temp
TEMP=C:\Users\ADMINI~1\AppData\Local\Temp




Compilation memory statistics disabled.

Periodic native trim disabled

---------------  S Y S T E M  ---------------

OS:
 Windows 11 , 64 bit Build 22621 (10.0.22621.5415)
OS uptime: 0 days 2:13 hours

CPU: total 4 (initial active 4) (2 cores per cpu, 2 threads per core) family 6 model 140 stepping 1 microcode 0x8a, cx8, cmov, fxsr, ht, mmx, 3dnowpref, sse, sse2, sse3, ssse3, sse4.1, sse4.2, popcnt, lzcnt, tsc, tscinvbit, avx, avx2, aes, erms, clmul, bmi1, bmi2, adx, avx512f, avx512dq, avx512cd, avx512bw, avx512vl, sha, fma, vzeroupper, avx512_vpopcntdq, avx512_vpclmulqdq, avx512_vaes, avx512_vnni, clflush, clflushopt, clwb, avx512_vbmi2, avx512_vbmi, rdtscp, rdpid, fsrm, gfni, avx512_bitalg, f16c, pku, cet_ibt, cet_ss, avx512_ifma
Processor Information for the first 4 processors :
  Max Mhz: 2995, Current Mhz: 2995, Mhz Limit: 2995

Memory: 4k page, system-wide physical 12067M (1648M free)
TotalPageFile size 13265M (AvailPageFile size 5M)
current process WorkingSet (physical memory assigned to process): 11M, peak: 11M
current process commit charge ("private bytes"): 14M, peak: 15M

vm_info: OpenJDK 64-Bit Server VM (26.0.1+8-34) for windows-amd64 JRE (26.0.1+8-34), built on 2026-03-10T17:24:10Z with MS VC++ 17.13 (VS2022)

END.
