#
# There is insufficient memory for the Java Runtime Environment to continue.
# Native memory allocation (malloc) failed to allocate 29945048 bytes. Error detail: Chunk::new
# Possible reasons:
#   The system is out of physical RAM or swap space
#   This process is running with CompressedOops enabled, and the Java Heap may be blocking the growth of the native heap
# Possible solutions:
#   Reduce memory load on the system
#   Increase physical memory or swap space
#   Check if swap backing store is full
#   Decrease Java heap size (-Xmx/-Xms)
#   Decrease number of Java threads
#   Decrease Java thread stack sizes (-Xss)
#   Set larger code cache with -XX:ReservedCodeCacheSize=
#   JVM is running with Zero Based Compressed Oops mode in which the Java heap is
#     placed in the first 32GB address space. The Java Heap base address is the
#     maximum limit for the native heap growth. Please use -XX:HeapBaseMinAddress
#     to set the Java Heap base and to place the Java Heap above 32GB virtual address.
# This output file may be truncated or incomplete.
#
#  Out of Memory Error (arena.cpp:193), pid=7060, tid=13440
#
# JRE version: OpenJDK Runtime Environment (26.0.1+8) (build 26.0.1+8-34)
# Java VM: OpenJDK 64-Bit Server VM (26.0.1+8-34, mixed mode, sharing, tiered, compressed oops, compressed class ptrs, g1 gc, windows-amd64)
# No core dump will be written. Minidumps are not enabled by default on client versions of Windows
#

---------------  S U M M A R Y ------------

Command Line: --enable-native-access=ALL-UNNAMED -Dfile.encoding=UTF-8 -Dclassworlds.conf=C:\Users\Administrator\.m2\wrapper\dists\apache-maven-3.9.16\0daed3be3ebd1c706f0e69e8b07c6b73f5cc4ea3dfce72a8d0ec2e849ca2ddb0\bin\m2.conf -Dmaven.home=C:\Users\Administrator\.m2\wrapper\dists\apache-maven-3.9.16\0daed3be3ebd1c706f0e69e8b07c6b73f5cc4ea3dfce72a8d0ec2e849ca2ddb0 -Dlibrary.jansi.path=C:\Users\Administrator\.m2\wrapper\dists\apache-maven-3.9.16\0daed3be3ebd1c706f0e69e8b07c6b73f5cc4ea3dfce72a8d0ec2e849ca2ddb0\lib\jansi-native -Dmaven.multiModuleProjectDirectory=C:\Users\Administrator\Desktop\ReqSync-Requirement-Engineering-Platform\reqsync-backend org.codehaus.plexus.classworlds.launcher.Launcher -Didea.version=2026.2.1 -Dmaven.ext.class.path=E:\IntelliJ IDEA 2026.2.1\plugins\maven-plugin\lib\intellij.maven.rt\maven-event-listener.jar -Djansi.passthrough=true -Dstyle.color=always -Dmaven.repo.local=C:\Users\Administrator\.m2\repository install --non-recursive -f pom.xml

Host: 11th Gen Intel(R) Core(TM) i3-1115G4 @ 3.00GHz, 4 cores, 11G,  Windows 11 , 64 bit Build 22621 (10.0.22621.5415)
Time: Tue Aug 11 20:35:36 2026 Sri Lanka Standard Time elapsed time: 7.907763 seconds (0d 0h 0m 7s)

---------------  T H R E A D  ---------------

Current thread (0x000001d7145f1d20):  JavaThread "C2 CompilerThread1" daemon [_thread_in_native, id=13440, stack(0x0000005f19b00000,0x0000005f19c00000) (1024K)]


Current CompileTask:
C2:7907 5260       4       java.lang.invoke.MethodType::makeImpl (109 bytes)

Stack: [0x0000005f19b00000,0x0000005f19c00000]
Native frames: (J=compiled Java code, j=interpreted, Vv=VM code, C=native code)
V  [jvm.dll+0x7d5879]  (no source info available)
V  [jvm.dll+0x7a37dd]  (no source info available)
V  [jvm.dll+0x9b0c10]  (no source info available)
V  [jvm.dll+0x9b3061]  (no source info available)
V  [jvm.dll+0x9b3773]  (no source info available)
V  [jvm.dll+0x30df76]  (no source info available)
V  [jvm.dll+0x11d8a6]  (no source info available)
V  [jvm.dll+0x11dbce]  (no source info available)
V  [jvm.dll+0x1afbe6]  (no source info available)
V  [jvm.dll+0x3ca822]  (no source info available)
V  [jvm.dll+0x7de462]  (no source info available)
V  [jvm.dll+0x2d1647]  (no source info available)
V  [jvm.dll+0x2d05bf]  (no source info available)
V  [jvm.dll+0x246820]  (no source info available)
V  [jvm.dll+0x2e06dc]  (no source info available)
V  [jvm.dll+0x2de8bd]  (no source info available)
V  [jvm.dll+0x4a3ff1]  (no source info available)
V  [jvm.dll+0x94f649]  (no source info available)
V  [jvm.dll+0x7d7358]  (no source info available)
C  [ucrtbase.dll+0x29333]  (no source info available)
C  [KERNEL32.DLL+0x1259d]  (no source info available)
C  [ntdll.dll+0x5af78]  (no source info available)

Lock stack of current Java thread (top to bottom):


---------------  P R O C E S S  ---------------

Threads class SMR info:
_java_thread_list=0x000001d714d91d00, length=14, elements={
0x000001d76e496cb0, 0x000001d770851480, 0x000001d7708544f0, 0x000001d7708598d0,
0x000001d77085a480, 0x000001d77085d040, 0x000001d77085dbf0, 0x000001d77f98e350,
0x000001d77f9a9860, 0x000001d70f08d8d0, 0x000001d70f094160, 0x000001d7144b5630,
0x000001d7145f1d20, 0x000001d77f998250
}

Java Threads: ( => current thread )
  0x000001d76e496cb0 JavaThread "main"                              [_thread_in_Java, id=5192, stack(0x0000005f18700000,0x0000005f18800000) (1024K)]
  0x000001d770851480 JavaThread "Reference Handler"          daemon [_thread_blocked, id=13352, stack(0x0000005f19100000,0x0000005f19200000) (1024K)]
  0x000001d7708544f0 JavaThread "Finalizer"                  daemon [_thread_blocked, id=11072, stack(0x0000005f19200000,0x0000005f19300000) (1024K)]
  0x000001d7708598d0 JavaThread "Signal Dispatcher"          daemon [_thread_blocked, id=13180, stack(0x0000005f19300000,0x0000005f19400000) (1024K)]
  0x000001d77085a480 JavaThread "Attach Listener"            daemon [_thread_blocked, id=12028, stack(0x0000005f19400000,0x0000005f19500000) (1024K)]
  0x000001d77085d040 JavaThread "Service Thread"             daemon [_thread_blocked, id=13596, stack(0x0000005f19500000,0x0000005f19600000) (1024K)]
  0x000001d77085dbf0 JavaThread "Monitor Deflation Thread"   daemon [_thread_blocked, id=8672, stack(0x0000005f19600000,0x0000005f19700000) (1024K)]
  0x000001d77f98e350 JavaThread "C2 CompilerThread0"         daemon [_thread_in_native, id=4324, stack(0x0000005f19700000,0x0000005f19800000) (1024K)]
  0x000001d77f9a9860 JavaThread "C1 CompilerThread0"         daemon [_thread_blocked, id=2712, stack(0x0000005f19800000,0x0000005f19900000) (1024K)]
  0x000001d70f08d8d0 JavaThread "Notification Thread"        daemon [_thread_blocked, id=11724, stack(0x0000005f19900000,0x0000005f19a00000) (1024K)]
  0x000001d70f094160 JavaThread "Common-Cleaner"             daemon [_thread_blocked, id=9092, stack(0x0000005f19a00000,0x0000005f19b00000) (1024K)]
  0x000001d7144b5630 JavaThread "Thread-1"                   daemon [_thread_blocked, id=13752, stack(0x0000005f19f00000,0x0000005f1a000000) (1024K)]
=>0x000001d7145f1d20 JavaThread "C2 CompilerThread1"         daemon [_thread_in_native, id=13440, stack(0x0000005f19b00000,0x0000005f19c00000) (1024K)]
  0x000001d77f998250 JavaThread "pool-1-thread-1"            daemon [_thread_new, id=1488, stack(0x0000000000000000,0x0000000000000000) (0B)]
Total: 14

Other Threads:
  0x000001d770841800 VMThread "VM Thread"                           [id=1632, stack(0x0000005f19000000,0x0000005f19100000) (1024K)]
  0x000001d7708300e0 WatcherThread "VM Periodic Task Thread"        [id=13944, stack(0x0000005f18f00000,0x0000005f19000000) (1024K)]
  0x000001d7707e3f50 WorkerThread "GC Thread#0"                     [id=13800, stack(0x0000005f18900000,0x0000005f18a00000) (1024K)]
  0x000001d70f6ae470 WorkerThread "GC Thread#1"                     [id=2028, stack(0x0000005f19c00000,0x0000005f19d00000) (1024K)]
  0x000001d70fc7c780 WorkerThread "GC Thread#2"                     [id=2516, stack(0x0000005f19d00000,0x0000005f19e00000) (1024K)]
  0x000001d70fd10200 WorkerThread "GC Thread#3"                     [id=13088, stack(0x0000005f19e00000,0x0000005f19f00000) (1024K)]
  0x000001d7707f7690 ConcurrentGCThread "G1 Main Marker"            [id=3848, stack(0x0000005f18a00000,0x0000005f18b00000) (1024K)]
  0x000001d7707fa9d0 WorkerThread "G1 Conc#0"                       [id=12796, stack(0x0000005f18b00000,0x0000005f18c00000) (1024K)]
  0x000001d77081d670 WorkerThread "G1 Refinement Workers#0"         [id=13772, stack(0x0000005f18d00000,0x0000005f18e00000) (1024K)]
  0x000001d77081cab0 ConcurrentGCThread "G1 Refine Control"         [id=12944, stack(0x0000005f18c00000,0x0000005f18d00000) (1024K)]
  0x000001d77081e5f0 ConcurrentGCThread "G1 Service"                [id=11980, stack(0x0000005f18e00000,0x0000005f18f00000) (1024K)]
Total: 11

Threads with active compile tasks:
C2 CompilerThread0  7957 5471       4       java.math.BigInteger::implMulAdd (81 bytes)
C2 CompilerThread1  7957 5260       4       java.lang.invoke.MethodType::makeImpl (109 bytes)
Total: 2

VM state: not at safepoint (normal execution)

VM Mutex/Monitor currently owned by a thread: None

Heap address: 0x0000000743600000, size: 3018 MB, Compressed Oops mode: Zero based, Oop shift amount: 3

CDS archive(s) mapped at: [0x0000000036000000-0x0000000036de0000-0x0000000036de0000), size 14548992, SharedBaseAddress: 0x0000000036000000, ArchiveRelocationMode: 1.
Compressed class space mapped at: 0x0000000037000000-0x0000000077000000, reserved size: 1073741824
UseCompressedClassPointers 1, UseCompactObjectHeaders 0
Narrow klass pointer bits 32, Max shift 3
Narrow klass base: 0x0000000036000000, Narrow klass shift: 0
Encoding Range: [0x0000000036000000 - 0x0000000136000000), (4294967296 bytes)
Klass Range:    [0x0000000036000000 - 0x0000000077000000), (1090519040 bytes)
Klass ID Range:  [8 - 1090519033) (1090519025)
Protection zone: [0x0000000036000000 - 0x0000000036010000), (65536 bytes)

GC Precious Log:
 CardTable entry size: 512
 Card Set container configuration: InlinePtr #cards 4 size 8 Array Of Cards #cards 16 size 48 Howl #buckets 8 coarsen threshold 3686 Howl Bitmap #cards 512 size 80 coarsen threshold 460 Card regions per heap region 1 cards per card region 4096
 CPUs: 4 total, 4 available
 Memory: 12067M
 Large Page Support: Disabled
 NUMA Support: Disabled
 Compressed Oops: Enabled (Zero based)
 Heap Region Size: 2M
 Heap Min Capacity: 8M
 Heap Initial Capacity: 8M
 Heap Max Capacity: 3018M
 Pre-touch: Disabled
 Parallel Workers: 4
 Concurrent Workers: 1
 Concurrent Refinement Workers: 4
 Periodic GC: Disabled

Heap:
 garbage-first heap   total reserved 3090432K, committed 98304K, used 35044K [0x0000000743600000, 0x0000000800000000)
  region size 2M, 9 eden (18M), 1 survivor (2M), 9 old (18M), 0 humongous (0M), 29 free (58M)

Heap Regions: E=young(eden), S=young(survivor), O=old, HS=humongous(starts), HC=humongous(continues), CS=collection set, F=free, TAMS=top-at-mark-start, PB=parsable bottom
|    0|0x0000000743600000, 0x0000000743800000, 0x0000000743800000|100%| O|  |TAMS 0x0000000743600000| PB 0x0000000743600000| Untracked |  0
|    1|0x0000000743800000, 0x0000000743a00000, 0x0000000743a00000|100%| O|  |TAMS 0x0000000743800000| PB 0x0000000743800000| Untracked |  0
|    2|0x0000000743a00000, 0x0000000743c00000, 0x0000000743c00000|100%| O|  |TAMS 0x0000000743a00000| PB 0x0000000743a00000| Untracked |  0
|    3|0x0000000743c00000, 0x0000000743e00000, 0x0000000743e00000|100%| O|  |TAMS 0x0000000743c00000| PB 0x0000000743c00000| Untracked |  0
|    4|0x0000000743e00000, 0x0000000744000000, 0x0000000744000000|100%| O|  |TAMS 0x0000000743e00000| PB 0x0000000743e00000| Untracked |  0
|    5|0x0000000744000000, 0x00000007440eccb0, 0x0000000744200000| 46%| O|  |TAMS 0x0000000744000000| PB 0x0000000744000000| Untracked |  0
|    6|0x0000000744200000, 0x0000000744400000, 0x0000000744400000|100%| O|  |TAMS 0x0000000744200000| PB 0x0000000744200000| Untracked |  0
|    7|0x0000000744400000, 0x0000000744600000, 0x0000000744600000|100%| O|Cm|TAMS 0x0000000744400000| PB 0x0000000744400000| Complete  |  0
|    8|0x0000000744600000, 0x0000000744800000, 0x0000000744800000|100%| O|  |TAMS 0x0000000744600000| PB 0x0000000744600000| Untracked |  0
|    9|0x0000000744800000, 0x0000000744800000, 0x0000000744a00000|  0%| F|  |TAMS 0x0000000744800000| PB 0x0000000744800000| Untracked |  0
|   10|0x0000000744a00000, 0x0000000744b4c748, 0x0000000744c00000| 64%| S|CS|TAMS 0x0000000744a00000| PB 0x0000000744a00000| Complete  |  0
|   11|0x0000000744c00000, 0x0000000744c00000, 0x0000000744e00000|  0%| F|  |TAMS 0x0000000744c00000| PB 0x0000000744c00000| Untracked |  0
|   12|0x0000000744e00000, 0x0000000744e00000, 0x0000000745000000|  0%| F|  |TAMS 0x0000000744e00000| PB 0x0000000744e00000| Untracked |  0
|   13|0x0000000745000000, 0x0000000745000000, 0x0000000745200000|  0%| F|  |TAMS 0x0000000745000000| PB 0x0000000745000000| Untracked |  0
|   14|0x0000000745200000, 0x0000000745200000, 0x0000000745400000|  0%| F|  |TAMS 0x0000000745200000| PB 0x0000000745200000| Untracked |  0
|   15|0x0000000745400000, 0x0000000745400000, 0x0000000745600000|  0%| F|  |TAMS 0x0000000745400000| PB 0x0000000745400000| Untracked |  0
|   16|0x0000000745600000, 0x0000000745600000, 0x0000000745800000|  0%| F|  |TAMS 0x0000000745600000| PB 0x0000000745600000| Untracked |  0
|   17|0x0000000745800000, 0x0000000745800000, 0x0000000745a00000|  0%| F|  |TAMS 0x0000000745800000| PB 0x0000000745800000| Untracked |  0
|   18|0x0000000745a00000, 0x0000000745a00000, 0x0000000745c00000|  0%| F|  |TAMS 0x0000000745a00000| PB 0x0000000745a00000| Untracked |  0
|   19|0x0000000745c00000, 0x0000000745c00000, 0x0000000745e00000|  0%| F|  |TAMS 0x0000000745c00000| PB 0x0000000745c00000| Untracked |  0
|   20|0x0000000745e00000, 0x0000000745e00000, 0x0000000746000000|  0%| F|  |TAMS 0x0000000745e00000| PB 0x0000000745e00000| Untracked |  0
|   21|0x0000000746000000, 0x0000000746000000, 0x0000000746200000|  0%| F|  |TAMS 0x0000000746000000| PB 0x0000000746000000| Untracked |  0
|   22|0x0000000746200000, 0x0000000746200000, 0x0000000746400000|  0%| F|  |TAMS 0x0000000746200000| PB 0x0000000746200000| Untracked |  0
|   23|0x0000000746400000, 0x0000000746400000, 0x0000000746600000|  0%| F|  |TAMS 0x0000000746400000| PB 0x0000000746400000| Untracked |  0
|   24|0x0000000746600000, 0x0000000746600000, 0x0000000746800000|  0%| F|  |TAMS 0x0000000746600000| PB 0x0000000746600000| Untracked |  0
|   25|0x0000000746800000, 0x0000000746800000, 0x0000000746a00000|  0%| F|  |TAMS 0x0000000746800000| PB 0x0000000746800000| Untracked |  0
|   26|0x0000000746a00000, 0x0000000746a00000, 0x0000000746c00000|  0%| F|  |TAMS 0x0000000746a00000| PB 0x0000000746a00000| Untracked |  0
|   27|0x0000000746c00000, 0x0000000746c00000, 0x0000000746e00000|  0%| F|  |TAMS 0x0000000746c00000| PB 0x0000000746c00000| Untracked |  0
|   28|0x0000000746e00000, 0x0000000746e00000, 0x0000000747000000|  0%| F|  |TAMS 0x0000000746e00000| PB 0x0000000746e00000| Untracked |  0
|   29|0x0000000747000000, 0x0000000747000000, 0x0000000747200000|  0%| F|  |TAMS 0x0000000747000000| PB 0x0000000747000000| Untracked |  0
|   30|0x0000000747200000, 0x0000000747200000, 0x0000000747400000|  0%| F|  |TAMS 0x0000000747200000| PB 0x0000000747200000| Untracked |  0
|   31|0x0000000747400000, 0x0000000747400000, 0x0000000747600000|  0%| F|  |TAMS 0x0000000747400000| PB 0x0000000747400000| Untracked |  0
|   32|0x0000000747600000, 0x0000000747600000, 0x0000000747800000|  0%| F|  |TAMS 0x0000000747600000| PB 0x0000000747600000| Untracked |  0
|   33|0x0000000747800000, 0x0000000747800000, 0x0000000747a00000|  0%| F|  |TAMS 0x0000000747800000| PB 0x0000000747800000| Untracked |  0
|   34|0x0000000747a00000, 0x0000000747a00000, 0x0000000747c00000|  0%| F|  |TAMS 0x0000000747a00000| PB 0x0000000747a00000| Untracked |  0
|   35|0x0000000747c00000, 0x0000000747c00000, 0x0000000747e00000|  0%| F|  |TAMS 0x0000000747c00000| PB 0x0000000747c00000| Untracked |  0
|   36|0x0000000747e00000, 0x0000000747e00000, 0x0000000748000000|  0%| F|  |TAMS 0x0000000747e00000| PB 0x0000000747e00000| Untracked |  0
|   37|0x0000000748000000, 0x0000000748000000, 0x0000000748200000|  0%| F|  |TAMS 0x0000000748000000| PB 0x0000000748000000| Untracked |  0
|   38|0x0000000748200000, 0x0000000748200000, 0x0000000748400000|  0%| F|  |TAMS 0x0000000748200000| PB 0x0000000748200000| Untracked |  0
|   39|0x0000000748400000, 0x00000007484dfba8, 0x0000000748600000| 43%| E|CS|TAMS 0x0000000748400000| PB 0x0000000748400000| Complete  |  0
|   40|0x0000000748600000, 0x0000000748800000, 0x0000000748800000|100%| E|CS|TAMS 0x0000000748600000| PB 0x0000000748600000| Complete  |  0
|   41|0x0000000748800000, 0x0000000748a00000, 0x0000000748a00000|100%| E|CS|TAMS 0x0000000748800000| PB 0x0000000748800000| Complete  |  0
|   42|0x0000000748a00000, 0x0000000748c00000, 0x0000000748c00000|100%| E|CS|TAMS 0x0000000748a00000| PB 0x0000000748a00000| Complete  |  0
|   43|0x0000000748c00000, 0x0000000748e00000, 0x0000000748e00000|100%| E|CS|TAMS 0x0000000748c00000| PB 0x0000000748c00000| Complete  |  0
|   44|0x0000000748e00000, 0x0000000749000000, 0x0000000749000000|100%| E|CS|TAMS 0x0000000748e00000| PB 0x0000000748e00000| Complete  |  0
|   45|0x0000000749000000, 0x0000000749200000, 0x0000000749200000|100%| E|CS|TAMS 0x0000000749000000| PB 0x0000000749000000| Complete  |  0
|   46|0x0000000749200000, 0x0000000749400000, 0x0000000749400000|100%| E|CS|TAMS 0x0000000749200000| PB 0x0000000749200000| Complete  |  0
| 1508|0x00000007ffe00000, 0x0000000800000000, 0x0000000800000000|100%| E|CS|TAMS 0x00000007ffe00000| PB 0x00000007ffe00000| Complete  |  0

Card table byte_map: [0x000001d77a020000,0x000001d77a610000] _byte_map_base: 0x000001d776605000
Refinement table byte_map: [0x000001d779a30000,0x000001d77a020000] _byte_map_base: 0x000001d776015000

Marking Bits: (CMBitMap*) 0x000001d7707e46d0
 Bits: [0x000001d77a610000, 0x000001d77d538000)

Polling page: 0x000001d76e630000

Metaspace:
Metaspace        used 19061K, committed 19392K, reserved 1114112K
 class space     used 2220K, committed 2368K, reserved 1048576K

Usage:
  Non-class:     16.45 MB used.
      Class:      2.17 MB used.
       Both:     18.61 MB used.

Virtual space:
  Non-class space:       64.00 MB reserved,      16.62 MB ( 26%) committed,  1 nodes.
      Class space:        1.00 GB reserved,       2.31 MB ( <1%) committed,  1 nodes.
             Both:        1.06 GB reserved,      18.94 MB (  2%) committed. 

Chunk freelists:
   Non-Class:  14.59 MB
       Class:  13.60 MB
        Both:  28.19 MB

MaxMetaspaceSize: unlimited
CompressedClassSpaceSize: 1.00 GB
Initial GC threshold: 21.00 MB
Current GC threshold: 28.44 MB
CDS: on
 - commit_granule_bytes: 65536.
 - commit_granule_words: 8192.
 - virtual_space_node_default_size: 8388608.
 - enlarge_chunks_in_place: 1.
UseCompressedClassPointers 1, UseCompactObjectHeaders 0
Narrow klass pointer bits 32, Max shift 3
Narrow klass base: 0x0000000036000000, Narrow klass shift: 0
Encoding Range: [0x0000000036000000 - 0x0000000136000000), (4294967296 bytes)
Klass Range:    [0x0000000036000000 - 0x0000000077000000), (1090519040 bytes)
Klass ID Range:  [8 - 1090519033) (1090519025)
Protection zone: [0x0000000036000000 - 0x0000000036010000), (65536 bytes)


Internal statistics:

num_allocs_failed_limit: 0.
num_arena_births: 164.
num_arena_deaths: 0.
num_vsnodes_births: 2.
num_vsnodes_deaths: 0.
num_space_committed: 303.
num_space_uncommitted: 0.
num_chunks_returned_to_freelist: 0.
num_chunks_taken_from_freelist: 852.
num_chunk_merges: 0.
num_chunk_splits: 570.
num_chunks_enlarged: 454.
num_inconsistent_stats: 0.

CodeHeap 'non-profiled nmethods': size=120064Kb used=1918Kb max_used=1918Kb free=118145Kb
 bounds [0x000001d707ae0000, 0x000001d707d50000, 0x000001d70f020000]
CodeHeap 'profiled nmethods': size=120064Kb used=7594Kb max_used=7594Kb free=112469Kb
 bounds [0x000001d700000000, 0x000001d700770000, 0x000001d707540000]
CodeHeap 'non-nmethods': size=5760Kb used=1560Kb max_used=1649Kb free=4199Kb
 bounds [0x000001d707540000, 0x000001d7077b0000, 0x000001d707ae0000]
CodeCache: size=245888Kb, used=11072Kb, max_used=11161Kb, free=234813Kb
 total_blobs=5339, nmethods=4789, adapters=452, full_count=0
Compilation: enabled, stopped_count=0, restarted_count=0

Compilation events (20 events):
Event: 7.893 Thread 0x000001d77f9a9860 5436       3       org.objectweb.asm.ByteVector::put11 (52 bytes)
Event: 7.893 Thread 0x000001d77f9a9860 nmethod 5436 0x000001d70075c908 code [0x000001d70075ca00, 0x000001d70075cc00]
Event: 7.900 Thread 0x000001d77f98e350 nmethod 5429 0x000001d707cbc788 code [0x000001d707cbc880, 0x000001d707cbcfb8]
Event: 7.900 Thread 0x000001d77f98e350 5430       4       java.util.HashMap::afterNodeRemoval (1 bytes)
Event: 7.900 Thread 0x000001d77f98e350 nmethod 5430 0x000001d707cbd008 code [0x000001d707cbd100, 0x000001d707cbd168]
Event: 7.903 Thread 0x000001d77f9a9860 5437       3       java.lang.ThreadLocal$ThreadLocalMap$Entry::<init> (11 bytes)
Event: 7.903 Thread 0x000001d77f9a9860 nmethod 5437 0x000001d70075cc88 code [0x000001d70075cd80, 0x000001d70075d138]
Event: 7.903 Thread 0x000001d77f9a9860 5438       3       org.eclipse.sisu.inject.RankedSequence$Itr::rank (8 bytes)
Event: 7.903 Thread 0x000001d77f9a9860 nmethod 5438 0x000001d70075d188 code [0x000001d70075d280, 0x000001d70075d3f0]
Event: 7.903 Thread 0x000001d77f9a9860 5439   !   3       org.eclipse.sisu.inject.BeanCache::create (181 bytes)
Event: 7.904 Thread 0x000001d77f9a9860 nmethod 5439 0x000001d70075d488 code [0x000001d70075d580, 0x000001d70075e2d8]
Event: 7.904 Thread 0x000001d77f9a9860 5441       3       java.lang.invoke.ClassSpecializer$SpeciesData::transformHelper (56 bytes)
Event: 7.905 Thread 0x000001d77f9a9860 nmethod 5441 0x000001d70075e308 code [0x000001d70075e400, 0x000001d70075ebc8]
Event: 7.905 Thread 0x000001d77f9a9860 5440       3       org.eclipse.sisu.inject.DefaultRankingFunction::rank (55 bytes)
Event: 7.905 Thread 0x000001d77f9a9860 nmethod 5440 0x000001d70075ec08 code [0x000001d70075ed00, 0x000001d70075f5c0]
Event: 7.905 Thread 0x000001d77f9a9860 5442       1       com.google.inject.internal.ConstructorBindingImpl$Factory::access$000 (5 bytes)
Event: 7.905 Thread 0x000001d77f9a9860 nmethod 5442 0x000001d707cbd308 code [0x000001d707cbd400, 0x000001d707cbd4a0]
Event: 7.905 Thread 0x000001d77f9a9860 5443       3       java.lang.reflect.AccessibleObject::checkCanSetAccessible (9 bytes)
Event: 7.906 Thread 0x000001d77f9a9860 nmethod 5443 0x000001d70075f608 code [0x000001d70075f700, 0x000001d70075f830]
Event: 7.906 Thread 0x000001d77f9a9860 5444       3       java.lang.reflect.AccessibleObject::checkCanSetAccessible (195 bytes)

GC Heap Usage History (20 events):
Event: 4.222 {heap Before GC invocations=15 (full 0):
 garbage-first heap   total reserved 3090432K, committed 24576K, used 18408K [0x0000000743600000, 0x0000000800000000)
  region size 2M, 3 eden (6M), 1 survivor (2M), 6 old (12M), 0 humongous (0M), 2 free (4M)
}
Event: 4.227 {heap After GC invocations=16 (full 0):
 garbage-first heap   total reserved 3090432K, committed 32768K, used 13123K [0x0000000743600000, 0x0000000800000000)
  region size 2M, 0 eden (0M), 1 survivor (2M), 7 old (14M), 0 humongous (0M), 8 free (16M)
}
Event: 4.583 {heap Before GC invocations=17 (full 0):
 garbage-first heap   total reserved 3090432K, committed 32768K, used 23363K [0x0000000743600000, 0x0000000800000000)
  region size 2M, 5 eden (10M), 1 survivor (2M), 7 old (14M), 0 humongous (0M), 3 free (6M)
}
Event: 4.588 {heap After GC invocations=18 (full 0):
 garbage-first heap   total reserved 3090432K, committed 32768K, used 14457K [0x0000000743600000, 0x0000000800000000)
  region size 2M, 0 eden (0M), 1 survivor (2M), 7 old (14M), 0 humongous (0M), 8 free (16M)
}
Event: 4.828 {heap Before GC invocations=18 (full 0):
 garbage-first heap   total reserved 3090432K, committed 32768K, used 22649K [0x0000000743600000, 0x0000000800000000)
  region size 2M, 5 eden (10M), 1 survivor (2M), 7 old (14M), 0 humongous (0M), 3 free (6M)
}
Event: 4.840 {heap After GC invocations=19 (full 0):
 garbage-first heap   total reserved 3090432K, committed 32768K, used 15219K [0x0000000743600000, 0x0000000800000000)
  region size 2M, 0 eden (0M), 1 survivor (2M), 8 old (16M), 0 humongous (0M), 7 free (14M)
}
Event: 5.209 {heap Before GC invocations=19 (full 0):
 garbage-first heap   total reserved 3090432K, committed 32768K, used 23411K [0x0000000743600000, 0x0000000800000000)
  region size 2M, 5 eden (10M), 1 survivor (2M), 8 old (16M), 0 humongous (0M), 2 free (4M)
}
Event: 5.211 {heap After GC invocations=20 (full 0):
 garbage-first heap   total reserved 3090432K, committed 32768K, used 15888K [0x0000000743600000, 0x0000000800000000)
  region size 2M, 0 eden (0M), 1 survivor (2M), 8 old (16M), 0 humongous (0M), 7 free (14M)
}
Event: 5.548 {heap Before GC invocations=20 (full 0):
 garbage-first heap   total reserved 3090432K, committed 32768K, used 24080K [0x0000000743600000, 0x0000000800000000)
  region size 2M, 5 eden (10M), 1 survivor (2M), 8 old (16M), 0 humongous (0M), 2 free (4M)
}
Event: 5.551 {heap After GC invocations=21 (full 0):
 garbage-first heap   total reserved 3090432K, committed 32768K, used 16228K [0x0000000743600000, 0x0000000800000000)
  region size 2M, 0 eden (0M), 1 survivor (2M), 8 old (16M), 0 humongous (0M), 7 free (14M)
}
Event: 6.064 {heap Before GC invocations=21 (full 0):
 garbage-first heap   total reserved 3090432K, committed 32768K, used 26468K [0x0000000743600000, 0x0000000800000000)
  region size 2M, 5 eden (10M), 1 survivor (2M), 8 old (16M), 0 humongous (0M), 2 free (4M)
}
Event: 6.066 {heap After GC invocations=22 (full 0):
 garbage-first heap   total reserved 3090432K, committed 32768K, used 16407K [0x0000000743600000, 0x0000000800000000)
  region size 2M, 0 eden (0M), 1 survivor (2M), 8 old (16M), 0 humongous (0M), 7 free (14M)
}
Event: 6.609 {heap Before GC invocations=23 (full 0):
 garbage-first heap   total reserved 3090432K, committed 32768K, used 26647K [0x0000000743600000, 0x0000000800000000)
  region size 2M, 5 eden (10M), 1 survivor (2M), 8 old (16M), 0 humongous (0M), 2 free (4M)
}
Event: 6.613 {heap After GC invocations=24 (full 0):
 garbage-first heap   total reserved 3090432K, committed 32768K, used 16750K [0x0000000743600000, 0x0000000800000000)
  region size 2M, 0 eden (0M), 1 survivor (2M), 8 old (16M), 0 humongous (0M), 7 free (14M)
}
Event: 7.024 {heap Before GC invocations=24 (full 0):
 garbage-first heap   total reserved 3090432K, committed 32768K, used 26990K [0x0000000743600000, 0x0000000800000000)
  region size 2M, 5 eden (10M), 1 survivor (2M), 8 old (16M), 0 humongous (0M), 2 free (4M)
}
Event: 7.035 {heap After GC invocations=25 (full 0):
 garbage-first heap   total reserved 3090432K, committed 32768K, used 17259K [0x0000000743600000, 0x0000000800000000)
  region size 2M, 0 eden (0M), 1 survivor (2M), 8 old (16M), 0 humongous (0M), 7 free (14M)
}
Event: 7.279 {heap Before GC invocations=25 (full 0):
 garbage-first heap   total reserved 3090432K, committed 32768K, used 27499K [0x0000000743600000, 0x0000000800000000)
  region size 2M, 5 eden (10M), 1 survivor (2M), 8 old (16M), 0 humongous (0M), 2 free (4M)
}
Event: 7.284 {heap After GC invocations=26 (full 0):
 garbage-first heap   total reserved 3090432K, committed 32768K, used 18085K [0x0000000743600000, 0x0000000800000000)
  region size 2M, 0 eden (0M), 1 survivor (2M), 8 old (16M), 0 humongous (0M), 7 free (14M)
}
Event: 7.647 {heap Before GC invocations=27 (full 0):
 garbage-first heap   total reserved 3090432K, committed 32768K, used 28325K [0x0000000743600000, 0x0000000800000000)
  region size 2M, 5 eden (10M), 1 survivor (2M), 8 old (16M), 0 humongous (0M), 2 free (4M)
}
Event: 7.651 {heap After GC invocations=28 (full 0):
 garbage-first heap   total reserved 3090432K, committed 98304K, used 18660K [0x0000000743600000, 0x0000000800000000)
  region size 2M, 0 eden (0M), 1 survivor (2M), 9 old (18M), 0 humongous (0M), 38 free (76M)
}

Metaspace Usage History (20 events):
Event: 4.222 {metaspace Before GC invocations=15 (full 0):
 Metaspace       used 15288K, committed 15552K, reserved 1114112K
  class space    used 1885K, committed 1984K, reserved 1048576K
}
Event: 4.227 {metaspace After GC invocations=16 (full 0):
 Metaspace       used 15288K, committed 15552K, reserved 1114112K
  class space    used 1885K, committed 1984K, reserved 1048576K
}
Event: 4.583 {metaspace Before GC invocations=17 (full 0):
 Metaspace       used 15465K, committed 15680K, reserved 1114112K
  class space    used 1909K, committed 1984K, reserved 1048576K
}
Event: 4.588 {metaspace After GC invocations=18 (full 0):
 Metaspace       used 15465K, committed 15680K, reserved 1114112K
  class space    used 1909K, committed 1984K, reserved 1048576K
}
Event: 4.828 {metaspace Before GC invocations=18 (full 0):
 Metaspace       used 15568K, committed 15808K, reserved 1114112K
  class space    used 1909K, committed 1984K, reserved 1048576K
}
Event: 4.840 {metaspace After GC invocations=19 (full 0):
 Metaspace       used 15568K, committed 15808K, reserved 1114112K
  class space    used 1909K, committed 1984K, reserved 1048576K
}
Event: 5.209 {metaspace Before GC invocations=19 (full 0):
 Metaspace       used 15698K, committed 15872K, reserved 1114112K
  class space    used 1910K, committed 1984K, reserved 1048576K
}
Event: 5.211 {metaspace After GC invocations=20 (full 0):
 Metaspace       used 15698K, committed 15872K, reserved 1114112K
  class space    used 1910K, committed 1984K, reserved 1048576K
}
Event: 5.548 {metaspace Before GC invocations=20 (full 0):
 Metaspace       used 15807K, committed 16064K, reserved 1114112K
  class space    used 1913K, committed 1984K, reserved 1048576K
}
Event: 5.551 {metaspace After GC invocations=21 (full 0):
 Metaspace       used 15807K, committed 16064K, reserved 1114112K
  class space    used 1913K, committed 1984K, reserved 1048576K
}
Event: 6.064 {metaspace Before GC invocations=21 (full 0):
 Metaspace       used 15896K, committed 16128K, reserved 1114112K
  class space    used 1913K, committed 1984K, reserved 1048576K
}
Event: 6.066 {metaspace After GC invocations=22 (full 0):
 Metaspace       used 15896K, committed 16128K, reserved 1114112K
  class space    used 1913K, committed 1984K, reserved 1048576K
}
Event: 6.609 {metaspace Before GC invocations=23 (full 0):
 Metaspace       used 16164K, committed 16384K, reserved 1114112K
  class space    used 1930K, committed 2048K, reserved 1048576K
}
Event: 6.613 {metaspace After GC invocations=24 (full 0):
 Metaspace       used 16164K, committed 16384K, reserved 1114112K
  class space    used 1930K, committed 2048K, reserved 1048576K
}
Event: 7.024 {metaspace Before GC invocations=24 (full 0):
 Metaspace       used 16869K, committed 17088K, reserved 1114112K
  class space    used 2033K, committed 2112K, reserved 1048576K
}
Event: 7.035 {metaspace After GC invocations=25 (full 0):
 Metaspace       used 16869K, committed 17088K, reserved 1114112K
  class space    used 2033K, committed 2112K, reserved 1048576K
}
Event: 7.279 {metaspace Before GC invocations=25 (full 0):
 Metaspace       used 17182K, committed 17472K, reserved 1114112K
  class space    used 2066K, committed 2176K, reserved 1048576K
}
Event: 7.284 {metaspace After GC invocations=26 (full 0):
 Metaspace       used 17182K, committed 17472K, reserved 1114112K
  class space    used 2066K, committed 2176K, reserved 1048576K
}
Event: 7.647 {metaspace Before GC invocations=27 (full 0):
 Metaspace       used 18049K, committed 18368K, reserved 1114112K
  class space    used 2152K, committed 2304K, reserved 1048576K
}
Event: 7.651 {metaspace After GC invocations=28 (full 0):
 Metaspace       used 18049K, committed 18368K, reserved 1114112K
  class space    used 2152K, committed 2304K, reserved 1048576K
}

Dll operation events (14 events):
Event: 0.008 Attempting to load shared library C:\Users\Administrator\.jdks\openjdk-26.0.1\bin\java.dll
Event: 0.010 Loaded shared library C:\Users\Administrator\.jdks\openjdk-26.0.1\bin\java.dll
Event: 0.061 Attempting to load shared library C:\Users\Administrator\.jdks\openjdk-26.0.1\bin\net.dll
Event: 0.061 Loaded shared library C:\Users\Administrator\.jdks\openjdk-26.0.1\bin\net.dll
Event: 0.063 Attempting to load shared library C:\Users\Administrator\.jdks\openjdk-26.0.1\bin\nio.dll
Event: 0.063 Loaded shared library C:\Users\Administrator\.jdks\openjdk-26.0.1\bin\nio.dll
Event: 0.067 Attempting to load shared library C:\Users\Administrator\.jdks\openjdk-26.0.1\bin\zip.dll
Event: 0.067 Loaded shared library C:\Users\Administrator\.jdks\openjdk-26.0.1\bin\zip.dll
Event: 0.364 Attempting to load shared library C:\Users\Administrator\.m2\wrapper\dists\apache-maven-3.9.16\0daed3be3ebd1c706f0e69e8b07c6b73f5cc4ea3dfce72a8d0ec2e849ca2ddb0\lib\jansi-native\Windows\x86_64\jansi.dll
Event: 0.364 Loaded shared library C:\Users\Administrator\.m2\wrapper\dists\apache-maven-3.9.16\0daed3be3ebd1c706f0e69e8b07c6b73f5cc4ea3dfce72a8d0ec2e849ca2ddb0\lib\jansi-native\Windows\x86_64\jansi.dll
Event: 0.377 Attempting to load shared library C:\Users\Administrator\.jdks\openjdk-26.0.1\bin\verify.dll
Event: 0.378 Loaded shared library C:\Users\Administrator\.jdks\openjdk-26.0.1\bin\verify.dll
Event: 0.378 Attempting to load shared library C:\Users\Administrator\.jdks\openjdk-26.0.1\bin\jimage.dll
Event: 0.378 Loaded shared library C:\Users\Administrator\.jdks\openjdk-26.0.1\bin\jimage.dll

Deoptimization events (20 events):
Event: 7.568 Thread 0x000001d76e496cb0 DEOPT PACKING pc=0x000001d707c2fdd0 sp=0x0000005f187fde30
Event: 7.568 Thread 0x000001d76e496cb0 DEOPT UNPACKING pc=0x000001d707670982 sp=0x0000005f187fddd0 mode 2
Event: 7.572 Thread 0x000001d76e496cb0 Uncommon trap: trap_request=0xffffff45 fr.pc=0x000001d707bacac4 relative=0x00000000000000c4
Event: 7.572 Thread 0x000001d76e496cb0 Uncommon trap: reason=unstable_if action=reinterpret pc=0x000001d707bacac4 method=java.util.Spliterator.getExactSizeIfKnown()J @ 9 c2
Event: 7.572 Thread 0x000001d76e496cb0 DEOPT PACKING pc=0x000001d707bacac4 sp=0x0000005f187fe2d0
Event: 7.572 Thread 0x000001d76e496cb0 DEOPT UNPACKING pc=0x000001d707670982 sp=0x0000005f187fe270 mode 2
Event: 7.572 Thread 0x000001d76e496cb0 Uncommon trap: trap_request=0xffffff45 fr.pc=0x000001d707bdc66c relative=0x00000000000001ec
Event: 7.572 Thread 0x000001d76e496cb0 Uncommon trap: reason=unstable_if action=reinterpret pc=0x000001d707bdc66c method=sun.nio.fs.NativeBuffers.getNativeBufferFromCache(I)Lsun/nio/fs/NativeBuffer; @ 18 c2
Event: 7.572 Thread 0x000001d76e496cb0 DEOPT PACKING pc=0x000001d707bdc66c sp=0x0000005f187fdbc0
Event: 7.572 Thread 0x000001d76e496cb0 DEOPT UNPACKING pc=0x000001d707670982 sp=0x0000005f187fdb48 mode 2
Event: 7.574 Thread 0x000001d76e496cb0 Uncommon trap: trap_request=0xffffff45 fr.pc=0x000001d707bdb758 relative=0x00000000000001d8
Event: 7.574 Thread 0x000001d76e496cb0 Uncommon trap: reason=unstable_if action=reinterpret pc=0x000001d707bdb758 method=sun.nio.fs.NativeBuffers.releaseNativeBuffer(Lsun/nio/fs/NativeBuffer;)V @ 35 c2
Event: 7.574 Thread 0x000001d76e496cb0 DEOPT PACKING pc=0x000001d707bdb758 sp=0x0000005f187fdfb0
Event: 7.574 Thread 0x000001d76e496cb0 DEOPT UNPACKING pc=0x000001d707670982 sp=0x0000005f187fdf40 mode 2
Event: 7.673 Thread 0x000001d76e496cb0 DEOPT PACKING pc=0x000001d70056baa6 sp=0x0000005f187fc650
Event: 7.673 Thread 0x000001d76e496cb0 DEOPT UNPACKING pc=0x000001d7075915a2 sp=0x0000005f187fbb40 mode 0
Event: 7.729 Thread 0x000001d76e496cb0 Uncommon trap: trap_request=0xffffffde fr.pc=0x000001d707b23f60 relative=0x0000000000000be0
Event: 7.729 Thread 0x000001d76e496cb0 Uncommon trap: reason=class_check action=maybe_recompile pc=0x000001d707b23f60 method=java.util.concurrent.ConcurrentHashMap.putVal(Ljava/lang/Object;Ljava/lang/Object;Z)Ljava/lang/Object; @ 242 c2
Event: 7.729 Thread 0x000001d76e496cb0 DEOPT PACKING pc=0x000001d707b23f60 sp=0x0000005f187fcf30
Event: 7.730 Thread 0x000001d76e496cb0 DEOPT UNPACKING pc=0x000001d707670982 sp=0x0000005f187fce90 mode 2

Classes loaded (20 events):
Event: 7.570 Loading class java/nio/file/FileTreeWalker$Event
Event: 7.570 Loading class java/nio/file/FileTreeWalker$Event done
Event: 7.570 Loading class java/nio/file/FileTreeWalker$EventType
Event: 7.570 Loading class java/nio/file/FileTreeWalker$EventType done
Event: 7.572 Loading class sun/nio/fs/WindowsPath$WindowsPathWithAttributes
Event: 7.572 Loading class sun/nio/fs/BasicFileAttributesHolder
Event: 7.572 Loading class sun/nio/fs/BasicFileAttributesHolder done
Event: 7.572 Loading class sun/nio/fs/WindowsPath$WindowsPathWithAttributes done
Event: 7.894 Loading class java/util/concurrent/RunnableFuture
Event: 7.894 Loading class java/util/concurrent/RunnableFuture done
Event: 7.894 Loading class java/util/concurrent/FutureTask
Event: 7.895 Loading class java/util/concurrent/FutureTask done
Event: 7.895 Loading class java/util/concurrent/FutureTask$WaitNode
Event: 7.895 Loading class java/util/concurrent/FutureTask$WaitNode done
Event: 7.896 Loading class java/io/FileReader
Event: 7.896 Loading class java/io/FileReader done
Event: 7.902 Loading class java/util/concurrent/Executors
Event: 7.902 Loading class java/util/concurrent/Executors done
Event: 7.902 Loading class java/util/concurrent/Executors$DefaultThreadFactory
Event: 7.903 Loading class java/util/concurrent/Executors$DefaultThreadFactory done

Classes unloaded (0 events):
No events

Classes redefined (0 events):
No events

Internal exceptions (20 events):
Event: 2.839 Thread 0x000001d76e496cb0 Exception <a 'java/lang/NoSuchMethodError'{0x0000000744bcc0b8}: 'void java.lang.invoke.Invokers$Holder.invokeExact_MT(java.lang.Object, java.lang.Object, java.lang.Object, java.lang.Object)'> (0x0000000744bcc0b8) 
thrown [s\open\src\hotspot\share\interpreter\linkResolver.cpp, line 804]
Event: 2.871 Thread 0x000001d76e496cb0 Exception <a 'java/lang/NoClassDefFoundError'{0x0000000744865ff0}: com/google/inject/servlet/ServletModuleTargetVisitor> (0x0000000744865ff0) 
thrown [s\open\src\hotspot\share\classfile\systemDictionary.cpp, line 318]
Event: 3.034 Thread 0x000001d76e496cb0 Exception <a 'java/lang/NoSuchMethodError'{0x00000007447c61a8}: 'java.lang.Object java.lang.invoke.DirectMethodHandle$Holder.invokeStaticInit(java.lang.Object, int, int, int, int)'> (0x00000007447c61a8) 
thrown [s\open\src\hotspot\share\interpreter\linkResolver.cpp, line 804]
Event: 3.287 Thread 0x000001d76e496cb0 Implicit null exception at 0x000001d707b24cb6 to 0x000001d707b2577c
Event: 3.382 Thread 0x000001d76e496cb0 Exception <a 'java/lang/NoSuchMethodError'{0x000000074416bcc0}: 'void java.lang.invoke.DirectMethodHandle$Holder.invokeSpecial(java.lang.Object, java.lang.Object, java.lang.Object, java.lang.Object, java.lang.Object, java.lang.Object)'> (0x000000074416bcc0) 
thrown [s\open\src\hotspot\share\interpreter\linkResolver.cpp, line 804]
Event: 3.414 Thread 0x000001d76e496cb0 Exception <a 'java/lang/NoSuchMethodError'{0x0000000744ac6e00}: 'java.lang.Object java.lang.invoke.DirectMethodHandle$Holder.invokeVirtual(java.lang.Object, java.lang.Object, java.lang.Object)'> (0x0000000744ac6e00) 
thrown [s\open\src\hotspot\share\interpreter\linkResolver.cpp, line 804]
Event: 3.508 Thread 0x000001d76e496cb0 Exception <a 'java/lang/NoSuchMethodError'{0x00000007448908c0}: 'void java.lang.invoke.DirectMethodHandle$Holder.invokeVirtual(java.lang.Object, java.lang.Object, int)'> (0x00000007448908c0) 
thrown [s\open\src\hotspot\share\interpreter\linkResolver.cpp, line 804]
Event: 3.518 Thread 0x000001d76e496cb0 Exception <a 'java/lang/NoSuchMethodError'{0x00000007448a9018}: 'java.lang.Object java.lang.invoke.DirectMethodHandle$Holder.invokeStatic(java.lang.Object, java.lang.Object, java.lang.Object, java.lang.Object, int)'> (0x00000007448a9018) 
thrown [s\open\src\hotspot\share\interpreter\linkResolver.cpp, line 804]
Event: 3.521 Thread 0x000001d76e496cb0 Exception <a 'java/lang/NoSuchMethodError'{0x00000007448ba748}: 'void java.lang.invoke.DirectMethodHandle$Holder.invokeSpecial(java.lang.Object, java.lang.Object, java.lang.Object, int)'> (0x00000007448ba748) 
thrown [s\open\src\hotspot\share\interpreter\linkResolver.cpp, line 804]
Event: 3.521 Thread 0x000001d76e496cb0 Exception <a 'java/lang/NoSuchMethodError'{0x00000007448c2f70}: 'void java.lang.invoke.DelegatingMethodHandle$Holder.reinvoke_L(java.lang.Object, java.lang.Object, int)'> (0x00000007448c2f70) 
thrown [s\open\src\hotspot\share\interpreter\linkResolver.cpp, line 804]
Event: 4.459 Thread 0x000001d76e496cb0 Exception <a 'java/lang/NoSuchMethodError'{0x0000000744f10100}: 'void java.lang.invoke.DirectMethodHandle$Holder.invokeStatic(java.lang.Object, java.lang.Object, java.lang.Object, java.lang.Object)'> (0x0000000744f10100) 
thrown [s\open\src\hotspot\share\interpreter\linkResolver.cpp, line 804]
Event: 6.198 Thread 0x000001d76e496cb0 Implicit null exception at 0x000001d707b9bfcd to 0x000001d707b9c1dc
Event: 6.198 Thread 0x000001d76e496cb0 Implicit null exception at 0x000001d707c77e4b to 0x000001d707c78024
Event: 6.198 Thread 0x000001d76e496cb0 Implicit null exception at 0x000001d707b82b1d to 0x000001d707b82b95
Event: 6.558 Thread 0x000001d76e496cb0 Implicit null exception at 0x000001d707b8539d to 0x000001d707b8540a
Event: 6.561 Thread 0x000001d76e496cb0 Exception <a 'java/lang/NoSuchMethodError'{0x0000000744ca8f60}: 'java.lang.Object java.lang.invoke.DirectMethodHandle$Holder.newInvokeSpecial(java.lang.Object, java.lang.Object, java.lang.Object, java.lang.Object, java.lang.Object, java.lang.Object, java.lang.Object)'> (0x0000000744ca8f60) 
thrown [s\open\src\hotspot\share\interpreter\linkResolver.cpp, line 804]
Event: 6.945 Thread 0x000001d76e496cb0 Implicit null exception at 0x000001d707c84c35 to 0x000001d707c850c4
Event: 6.964 Thread 0x000001d76e496cb0 Exception <a 'java/lang/NoSuchMethodError'{0x0000000744c17cf0}: 'int java.lang.invoke.DirectMethodHandle$Holder.invokeVirtual(java.lang.Object, java.lang.Object)'> (0x0000000744c17cf0) 
thrown [s\open\src\hotspot\share\interpreter\linkResolver.cpp, line 804]
Event: 6.994 Thread 0x000001d76e496cb0 Implicit null exception at 0x000001d707bbfd39 to 0x000001d707bc039c
Event: 7.007 Thread 0x000001d76e496cb0 Exception <a 'java/lang/NoSuchMethodError'{0x0000000744d7a538}: 'void java.lang.invoke.Invokers$Holder.invokeExact_MT(java.lang.Object, java.lang.Object, int, java.lang.Object)'> (0x0000000744d7a538) 
thrown [s\open\src\hotspot\share\interpreter\linkResolver.cpp, line 804]

VM Operations (20 events):
Event: 6.609 Executing safepoint VM operation: G1CollectForAllocation (G1 Evacuation Pause)
Event: 6.613 Executing safepoint VM operation: G1CollectForAllocation (G1 Evacuation Pause) done
Event: 7.006 Executing non-safepoint VM operation: HandshakeAllThreads (Deoptimize)
Event: 7.006 Executing non-safepoint VM operation: HandshakeAllThreads (Deoptimize) done
Event: 7.024 Executing safepoint VM operation: G1CollectForAllocation (G1 Evacuation Pause)
Event: 7.035 Executing safepoint VM operation: G1CollectForAllocation (G1 Evacuation Pause) done
Event: 7.060 Executing non-safepoint VM operation: HandshakeAllThreads (Deoptimize)
Event: 7.060 Executing non-safepoint VM operation: HandshakeAllThreads (Deoptimize) done
Event: 7.279 Executing safepoint VM operation: G1CollectForAllocation (G1 Evacuation Pause)
Event: 7.284 Executing safepoint VM operation: G1CollectForAllocation (G1 Evacuation Pause) done
Event: 7.327 Executing safepoint VM operation: G1PauseRemark
Event: 7.332 Executing safepoint VM operation: G1PauseRemark done
Event: 7.349 Executing safepoint VM operation: G1PauseCleanup
Event: 7.349 Executing safepoint VM operation: G1PauseCleanup done
Event: 7.573 Executing non-safepoint VM operation: HandshakeAllThreads (Deoptimize)
Event: 7.573 Executing non-safepoint VM operation: HandshakeAllThreads (Deoptimize) done
Event: 7.647 Executing safepoint VM operation: G1CollectForAllocation (G1 Evacuation Pause)
Event: 7.651 Executing safepoint VM operation: G1CollectForAllocation (G1 Evacuation Pause) done
Event: 7.901 Executing non-safepoint VM operation: HandshakeAllThreads (Deoptimize)
Event: 7.901 Executing non-safepoint VM operation: HandshakeAllThreads (Deoptimize) done

Memory protections (0 events):
No events

Nmethod flushes (20 events):
Event: 7.331 Thread 0x000001d770841800 flushing  nmethod 0x000001d7004af608
Event: 7.331 Thread 0x000001d770841800 flushing  nmethod 0x000001d7004ce288
Event: 7.331 Thread 0x000001d770841800 flushing  nmethod 0x000001d7004d3d08
Event: 7.331 Thread 0x000001d770841800 flushing  nmethod 0x000001d7004df608
Event: 7.331 Thread 0x000001d770841800 flushing  nmethod 0x000001d7004e0188
Event: 7.331 Thread 0x000001d770841800 flushing  nmethod 0x000001d7004f4308
Event: 7.331 Thread 0x000001d770841800 flushing  nmethod 0x000001d7004f4688
Event: 7.331 Thread 0x000001d770841800 flushing  nmethod 0x000001d7004f5388
Event: 7.331 Thread 0x000001d770841800 flushing  nmethod 0x000001d70050a708
Event: 7.331 Thread 0x000001d770841800 flushing  nmethod 0x000001d700510208
Event: 7.331 Thread 0x000001d770841800 flushing  nmethod 0x000001d700512988
Event: 7.331 Thread 0x000001d770841800 flushing  nmethod 0x000001d7005ba208
Event: 7.331 Thread 0x000001d770841800 flushing  nmethod 0x000001d7005c4588
Event: 7.331 Thread 0x000001d770841800 flushing  nmethod 0x000001d7005d7208
Event: 7.331 Thread 0x000001d770841800 flushing  nmethod 0x000001d700628688
Event: 7.331 Thread 0x000001d770841800 flushing  nmethod 0x000001d700628a88
Event: 7.331 Thread 0x000001d770841800 flushing  nmethod 0x000001d70062b488
Event: 7.331 Thread 0x000001d770841800 flushing  nmethod 0x000001d70063ea08
Event: 7.331 Thread 0x000001d770841800 flushing  nmethod 0x000001d700662f88
Event: 7.331 Thread 0x000001d770841800 flushing  nmethod 0x000001d7006acc08

Events (20 events):
Event: 0.026 Thread 0x000001d76e496cb0 Thread added: 0x000001d76e496cb0
Event: 0.045 Thread 0x000001d76e496cb0 Thread added: 0x000001d770851480
Event: 0.045 Thread 0x000001d76e496cb0 Thread added: 0x000001d7708544f0
Event: 0.045 Thread 0x000001d76e496cb0 Thread added: 0x000001d7708598d0
Event: 0.045 Thread 0x000001d76e496cb0 Thread added: 0x000001d77085a480
Event: 0.045 Thread 0x000001d76e496cb0 Thread added: 0x000001d77085d040
Event: 0.045 Thread 0x000001d76e496cb0 Thread added: 0x000001d77085dbf0
Event: 0.045 Thread 0x000001d76e496cb0 Thread added: 0x000001d77f98e350
Event: 0.046 Thread 0x000001d76e496cb0 Thread added: 0x000001d77f9a9860
Event: 0.057 Thread 0x000001d76e496cb0 Thread added: 0x000001d70f08d8d0
Event: 0.059 Thread 0x000001d76e496cb0 Thread added: 0x000001d70f094160
Event: 0.257 Thread 0x000001d77f9a9860 Thread added: 0x000001d70f2dd2b0
Event: 0.358 Thread 0x000001d76e496cb0 Thread added: 0x000001d70f6757d0
Event: 0.400 Thread 0x000001d70f6757d0 Thread exited: 0x000001d70f6757d0
Event: 3.120 Thread 0x000001d76e496cb0 Thread added: 0x000001d7144b5630
Event: 3.313 Thread 0x000001d70f2dd2b0 Thread exited: 0x000001d70f2dd2b0
Event: 3.410 Thread 0x000001d77f9a9860 Thread added: 0x000001d7145451d0
Event: 5.225 Thread 0x000001d7145451d0 Thread exited: 0x000001d7145451d0
Event: 6.223 Thread 0x000001d77f9a9860 Thread added: 0x000001d7145f1d20
Event: 7.903 Thread 0x000001d76e496cb0 Thread added: 0x000001d77f998250


Dynamic libraries:
0x00007ff669e50000 - 0x00007ff669e5e000 	C:\Users\Administrator\.jdks\openjdk-26.0.1\bin\java.exe
0x00007ffdb4030000 - 0x00007ffdb4247000 	C:\WINDOWS\SYSTEM32\ntdll.dll
0x00007ffdb1cc0000 - 0x00007ffdb1d84000 	C:\WINDOWS\System32\KERNEL32.DLL
0x00007ffdb1150000 - 0x00007ffdb1522000 	C:\WINDOWS\System32\KERNELBASE.dll
0x00007ffdb19b0000 - 0x00007ffdb1ac1000 	C:\WINDOWS\System32\ucrtbase.dll
0x00007ffd8b000000 - 0x00007ffd8b01e000 	C:\Users\Administrator\.jdks\openjdk-26.0.1\bin\VCRUNTIME140.dll
0x00007ffd8b020000 - 0x00007ffd8b037000 	C:\Users\Administrator\.jdks\openjdk-26.0.1\bin\jli.dll
0x00007ffdb3980000 - 0x00007ffdb3b31000 	C:\WINDOWS\System32\USER32.dll
0x00007ffdb1530000 - 0x00007ffdb1556000 	C:\WINDOWS\System32\win32u.dll
0x00007ffd9b8d0000 - 0x00007ffd9bb6b000 	C:\WINDOWS\WinSxS\amd64_microsoft.windows.common-controls_6595b64144ccf1df_6.0.22621.5415_none_270d77d17387d7da\COMCTL32.dll
0x00007ffdb1dc0000 - 0x00007ffdb1e67000 	C:\WINDOWS\System32\msvcrt.dll
0x00007ffdb1d90000 - 0x00007ffdb1db9000 	C:\WINDOWS\System32\GDI32.dll
0x00007ffdb1740000 - 0x00007ffdb1863000 	C:\WINDOWS\System32\gdi32full.dll
0x00007ffdb1560000 - 0x00007ffdb15fa000 	C:\WINDOWS\System32\msvcp_win.dll
0x00007ffdb3940000 - 0x00007ffdb3971000 	C:\WINDOWS\System32\IMM32.DLL
0x00007ffda0550000 - 0x00007ffda055c000 	C:\Users\Administrator\.jdks\openjdk-26.0.1\bin\vcruntime140_1.dll
0x00007ffd8a3a0000 - 0x00007ffd8a42d000 	C:\Users\Administrator\.jdks\openjdk-26.0.1\bin\msvcp140.dll
0x00007ffcf2d90000 - 0x00007ffcf3c5e000 	C:\Users\Administrator\.jdks\openjdk-26.0.1\bin\server\jvm.dll
0x00007ffdb3880000 - 0x00007ffdb3931000 	C:\WINDOWS\System32\ADVAPI32.dll
0x00007ffdb2220000 - 0x00007ffdb22c8000 	C:\WINDOWS\System32\sechost.dll
0x00007ffdb1120000 - 0x00007ffdb1148000 	C:\WINDOWS\System32\bcrypt.dll
0x00007ffdb3600000 - 0x00007ffdb3714000 	C:\WINDOWS\System32\RPCRT4.dll
0x00007ffdb3f70000 - 0x00007ffdb3fe1000 	C:\WINDOWS\System32\WS2_32.dll
0x00007ffda83c0000 - 0x00007ffda83f4000 	C:\WINDOWS\SYSTEM32\WINMM.dll
0x00007ffdb09c0000 - 0x00007ffdb0a0d000 	C:\WINDOWS\SYSTEM32\POWRPROF.dll
0x00007ffd9fcd0000 - 0x00007ffd9fcda000 	C:\WINDOWS\SYSTEM32\VERSION.dll
0x00007ffdb09a0000 - 0x00007ffdb09b3000 	C:\WINDOWS\SYSTEM32\UMPDC.dll
0x00007ffdb0150000 - 0x00007ffdb0168000 	C:\WINDOWS\SYSTEM32\kernel.appcore.dll
0x00007ffd99e30000 - 0x00007ffd99e3a000 	C:\Users\Administrator\.jdks\openjdk-26.0.1\bin\jimage.dll
0x00007ffdaeb50000 - 0x00007ffdaed83000 	C:\WINDOWS\SYSTEM32\DBGHELP.DLL
0x00007ffdb3bd0000 - 0x00007ffdb3f63000 	C:\WINDOWS\System32\combase.dll
0x00007ffdb1e70000 - 0x00007ffdb1f47000 	C:\WINDOWS\System32\OLEAUT32.dll
0x00007ffd91140000 - 0x00007ffd91172000 	C:\WINDOWS\SYSTEM32\dbgcore.DLL
0x00007ffdb1ad0000 - 0x00007ffdb1b4b000 	C:\WINDOWS\System32\bcryptPrimitives.dll
0x00007ffd8afd0000 - 0x00007ffd8afef000 	C:\Users\Administrator\.jdks\openjdk-26.0.1\bin\java.dll
0x00007ffdb2080000 - 0x00007ffdb2220000 	C:\WINDOWS\System32\ole32.dll
0x00007ffdb2770000 - 0x00007ffdb3012000 	C:\WINDOWS\System32\SHELL32.dll
0x00007ffdb1870000 - 0x00007ffdb19af000 	C:\WINDOWS\System32\wintypes.dll
0x00007ffdaf050000 - 0x00007ffdaf96e000 	C:\WINDOWS\SYSTEM32\windows.storage.dll
0x00007ffdb1f50000 - 0x00007ffdb205b000 	C:\WINDOWS\System32\SHCORE.dll
0x00007ffdb2690000 - 0x00007ffdb26f9000 	C:\WINDOWS\System32\shlwapi.dll
0x00007ffdb1050000 - 0x00007ffdb107b000 	C:\WINDOWS\SYSTEM32\profapi.dll
0x00007ffd8a380000 - 0x00007ffd8a392000 	C:\Users\Administrator\.jdks\openjdk-26.0.1\bin\net.dll
0x00007ffdb05d0000 - 0x00007ffdb0639000 	C:\WINDOWS\system32\mswsock.dll
0x00007ffd884c0000 - 0x00007ffd884d6000 	C:\Users\Administrator\.jdks\openjdk-26.0.1\bin\nio.dll
0x00007ffd88360000 - 0x00007ffd88377000 	C:\Users\Administrator\.jdks\openjdk-26.0.1\bin\zip.dll
0x00007ffd981c0000 - 0x00007ffd981e4000 	C:\Users\Administrator\.m2\wrapper\dists\apache-maven-3.9.16\0daed3be3ebd1c706f0e69e8b07c6b73f5cc4ea3dfce72a8d0ec2e849ca2ddb0\lib\jansi-native\Windows\x86_64\jansi.dll
0x00007ffda8760000 - 0x00007ffda8770000 	C:\Users\Administrator\.jdks\openjdk-26.0.1\bin\verify.dll

JVMTI agents: none

dbghelp: loaded successfully - version: 4.0.5 - missing functions: none
symbol engine: initialized successfully - sym options: 0x614 - pdb path: .;C:\Users\Administrator\.jdks\openjdk-26.0.1\bin;C:\WINDOWS\SYSTEM32;C:\WINDOWS\WinSxS\amd64_microsoft.windows.common-controls_6595b64144ccf1df_6.0.22621.5415_none_270d77d17387d7da;C:\Users\Administrator\.jdks\openjdk-26.0.1\bin\server;C:\Users\Administrator\.m2\wrapper\dists\apache-maven-3.9.16\0daed3be3ebd1c706f0e69e8b07c6b73f5cc4ea3dfce72a8d0ec2e849ca2ddb0\lib\jansi-native\Windows\x86_64

VM Arguments:
jvm_args: --enable-native-access=ALL-UNNAMED -Dfile.encoding=UTF-8 -Dclassworlds.conf=C:\Users\Administrator\.m2\wrapper\dists\apache-maven-3.9.16\0daed3be3ebd1c706f0e69e8b07c6b73f5cc4ea3dfce72a8d0ec2e849ca2ddb0\bin\m2.conf -Dmaven.home=C:\Users\Administrator\.m2\wrapper\dists\apache-maven-3.9.16\0daed3be3ebd1c706f0e69e8b07c6b73f5cc4ea3dfce72a8d0ec2e849ca2ddb0 -Dlibrary.jansi.path=C:\Users\Administrator\.m2\wrapper\dists\apache-maven-3.9.16\0daed3be3ebd1c706f0e69e8b07c6b73f5cc4ea3dfce72a8d0ec2e849ca2ddb0\lib\jansi-native -Dmaven.multiModuleProjectDirectory=C:\Users\Administrator\Desktop\ReqSync-Requirement-Engineering-Platform\reqsync-backend 
java_command: org.codehaus.plexus.classworlds.launcher.Launcher -Didea.version=2026.2.1 -Dmaven.ext.class.path=E:\IntelliJ IDEA 2026.2.1\plugins\maven-plugin\lib\intellij.maven.rt\maven-event-listener.jar -Djansi.passthrough=true -Dstyle.color=always -Dmaven.repo.local=C:\Users\Administrator\.m2\repository install --non-recursive -f pom.xml
java_class_path (initial): C:\Users\Administrator\.m2\wrapper\dists\apache-maven-3.9.16\0daed3be3ebd1c706f0e69e8b07c6b73f5cc4ea3dfce72a8d0ec2e849ca2ddb0\boot\plexus-classworlds-2.11.0.jar
Launcher Type: SUN_STANDARD

[Global flags]
     bool AOTAdapterCaching                        = false                                  {diagnostic} {ergonomic}
     bool AOTInvokeDynamicLinking                  = false                                  {diagnostic} {ergonomic}
     bool AOTRecordTraining                        = false                                  {diagnostic} {ergonomic}
     bool AOTReplayTraining                        = false                                  {diagnostic} {ergonomic}
     bool AOTStubCaching                           = false                                  {diagnostic} {ergonomic}
     intx CICompilerCount                          = 3                                         {product} {ergonomic}
     uint ConcGCThreads                            = 1                                         {product} {ergonomic}
     uint G1ConcRefinementThreads                  = 4                                         {product} {ergonomic}
     uint G1EagerReclaimRemSetThreshold            = 16                                   {experimental} {ergonomic}
   size_t G1HeapRegionSize                         = 2097152                                   {product} {ergonomic}
     uint G1RemSetArrayOfCardsEntries              = 16                                   {experimental} {ergonomic}
     uint G1RemSetHowlMaxNumBuckets                = 8                                    {experimental} {ergonomic}
     uint G1RemSetHowlNumBuckets                   = 8                                    {experimental} {ergonomic}
   size_t InitialHeapSize                          = 8388608                                   {product} {ergonomic}
     bool IntelJccErratumMitigation                = false                             {ARCH diagnostic} {ergonomic}
   size_t MarkStackSize                            = 4194304                                   {product} {ergonomic}
   size_t MarkStackSizeMax                         = 536870912                                 {product} {ergonomic}
   size_t MaxHeapSize                              = 3164602368                                {product} {ergonomic}
   size_t MaxNewSize                               = 1897922560                                {product} {ergonomic}
 uint64_t MaxRAM                                   = 12653486080                               {product} {ergonomic}
   size_t MinHeapDeltaBytes                        = 2097152                                   {product} {ergonomic}
   size_t MinHeapSize                              = 8388608                                   {product} {ergonomic}
   size_t NonNMethodCodeHeapSize                   = 5898240                                {pd product} {ergonomic}
   size_t NonProfiledCodeHeapSize                  = 122945536                              {pd product} {ergonomic}
   size_t ProfiledCodeHeapSize                     = 122945536                              {pd product} {ergonomic}
   size_t ReservedCodeCacheSize                    = 251789312                              {pd product} {ergonomic}
     bool SegmentedCodeCache                       = true                                      {product} {ergonomic}
   size_t SoftMaxHeapSize                          = 3164602368                             {manageable} {ergonomic}
     bool UseCompressedOops                        = true                           {product lp64_product} {ergonomic}
     bool UseCondCardMark                          = true                                      {product} {ergonomic}
     bool UseFastUnorderedTimeStamps               = true                                 {experimental} {ergonomic}
     bool UseG1GC                                  = true                                      {product} {ergonomic}
     bool UseLargePagesIndividualAllocation        = false                                  {pd product} {ergonomic}
      int X86ICacheSync                            = 3                                 {ARCH diagnostic} {ergonomic}

Logging:
Log output configuration:
 #0: stdout all=warning uptime,level,tags foldmultilines=false
 #1: stderr all=off uptime,level,tags foldmultilines=false

Release file:
IMPLEMENTOR="Oracle Corporation" 
JAVA_RUNTIME_VERSION="26.0.1+8-34" 
JAVA_VERSION="26.0.1" 
JAVA_VERSION_DATE="2026-04-21" 
LIBC="default" 
MODULES="java.base java.compiler java.datatransfer java.xml java.prefs java.desktop java.instrument java.logging java.management java.security.sasl java.naming java.rmi java.management.rmi java.net.http java.scripting java.security.jgss java.transaction.xa java.sql java.sql.rowset java.xml.crypto java.se java.smartcardio jdk.accessibility jdk.internal.jvmstat jdk.attach jdk.charsets jdk.internal.opt jdk.zipfs jdk.compiler jdk.crypto.cryptoki jdk.crypto.ec jdk.crypto.mscapi jdk.dynalink jdk.internal.ed jdk.editpad jdk.internal.vm.ci jdk.graal.compiler jdk.graal.compiler.management jdk.hotspot.agent jdk.httpserver jdk.incubator.vector jdk.internal.le jdk.internal.md jdk.jartool jdk.javadoc jdk.jcmd jdk.management jdk.management.agent jdk.jconsole jdk.jdeps jdk.jdwp.agent jdk.jdi jdk.jfr jdk.jlink jdk.jpackage jdk.jshell jdk.jstatd jdk.localedata jdk.management.jfr jdk.naming.dns jdk.naming.rmi jdk.net jdk.nio.mapmode jdk.sctp jdk.security.auth jdk.security.jgss jdk.unsupported jdk.unsupported.desktop jdk.xml.dom" 
OS_ARCH="x86_64" 
OS_NAME="Windows" 
SOURCE=".:git:fcc00fc4aee7" 

Environment Variables:
JAVA_HOME=C:\Users\Administrator\.jdks\openjdk-26.0.1
PATH=C:\Program Files\Common Files\Oracle\Java\javapath;D:\os\bin\;C:\WINDOWS\system32;C:\WINDOWS;C:\WINDOWS\System32\Wbem;C:\WINDOWS\System32\WindowsPowerShell\v1.0\;C:\WINDOWS\System32\OpenSSH\;C:\Program Files\Microsoft SQL Server\150\Tools\Binn\;D:\apache-maven-3.9.11-bin\apache-maven-3.9.11\bin;D:\apache-tomcat-9.0.111-windows-x64\apache-tomcat-9.0.111\bin;C:\Program Files\Java\jdk-25\bin;C:\Program Files\MySQL\MySQL Server 8.0\bin;D:\os\;C:\Program Files\Git\cmd;C:\Users\Administrator\AppData\Local\Programs\Python\Launcher\;C:\Users\Administrator\AppData\Local\Microsoft\WindowsApps;C:\Users\Administrator\AppData\Roaming\npm;C:\Users\Administrator\AppData\Local\GitHubDesktop\bin;C:\Users\Administrator\AppData\Local\Programs\Antigravity IDE\bin
USERNAME=Administrator
OS=Windows_NT
PROCESSOR_IDENTIFIER=Intel64 Family 6 Model 140 Stepping 1, GenuineIntel
TMP=C:\Users\ADMINI~1\AppData\Local\Temp
TEMP=C:\Users\ADMINI~1\AppData\Local\Temp




Compilation memory statistics disabled.

Periodic native trim disabled

---------------  S Y S T E M  ---------------

OS:
 Windows 11 , 64 bit Build 22621 (10.0.22621.5415)
OS uptime: 0 days 2:15 hours

CPU: total 4 (initial active 4) (2 cores per cpu, 2 threads per core) family 6 model 140 stepping 1 microcode 0x8a, cx8, cmov, fxsr, ht, mmx, 3dnowpref, sse, sse2, sse3, ssse3, sse4.1, sse4.2, popcnt, lzcnt, tsc, tscinvbit, avx, avx2, aes, erms, clmul, bmi1, bmi2, adx, avx512f, avx512dq, avx512cd, avx512bw, avx512vl, sha, fma, vzeroupper, avx512_vpopcntdq, avx512_vpclmulqdq, avx512_vaes, avx512_vnni, clflush, clflushopt, clwb, avx512_vbmi2, avx512_vbmi, rdtscp, rdpid, fsrm, gfni, avx512_bitalg, f16c, pku, cet_ibt, cet_ss, avx512_ifma
Processor Information for the first 4 processors :
  Max Mhz: 2995, Current Mhz: 2995, Mhz Limit: 2995

Memory: 4k page, system-wide physical 12067M (1837M free)
TotalPageFile size 13265M (AvailPageFile size 11M)
current process WorkingSet (physical memory assigned to process): 152M, peak: 152M
current process commit charge ("private bytes"): 230M, peak: 257M

vm_info: OpenJDK 64-Bit Server VM (26.0.1+8-34) for windows-amd64 JRE (26.0.1+8-34), built on 2026-03-10T17:24:10Z with MS VC++ 17.13 (VS2022)

END.
